// Jest Snapshot v1, https://goo.gl/fbAQLP

exports[`Rectangle should match snapshot for horizontal line 1`] = `
------------
| XXXXX    |
|          |
|          |
|          |
------------
`;

exports[`Rectangle should match snapshot for vertical line 1`] = `
------------
| X        |
| X        |
| X        |
| X        |
------------
`;
